WARNING 2026-04-07 17:03:42,208 log — Not Found: /
WARNING 2026-04-07 17:03:42,233 log — "GET / HTTP/1.1" 404 5048
WARNING 2026-04-07 17:03:42,450 log — Not Found: /favicon.ico
WARNING 2026-04-07 17:03:42,463 log — "GET /favicon.ico HTTP/1.1" 404 5099
WARNING 2026-04-07 17:04:38,792 log — Not Found: /favicon.ico
WARNING 2026-04-07 17:04:38,794 log — "GET /favicon.ico HTTP/1.1" 404 5099
ERROR 2026-04-07 17:23:02,168 log — Unsafe redirect to URL with protocol 'users'
Traceback (most recent call last):
  File "C:\Users\abotc\AppData\Roaming\Python\Python314\site-packages\django\core\handlers\exception.py", line 55, in inner
    response = get_response(request)
  File "C:\Users\abotc\Block\restaurant_management\restaurant_management\middleware.py", line 96, in __call__
    return redirect(f'{self.login_url}?next={request.path}')
  File "C:\Users\abotc\AppData\Roaming\Python\Python314\site-packages\django\shortcuts.py", line 50, in redirect
    return redirect_class(
        resolve_url(to, *args, **kwargs),
        preserve_request=preserve_request,
    )
  File "C:\Users\abotc\AppData\Roaming\Python\Python314\site-packages\django\http\response.py", line 647, in __init__
    raise DisallowedRedirect(
        "Unsafe redirect to URL with protocol '%s'" % parsed.scheme
    )
django.core.exceptions.DisallowedRedirect: Unsafe redirect to URL with protocol 'users'
WARNING 2026-04-07 17:23:02,201 log — "GET /dashboard/ HTTP/1.1" 400 75948
